// Jest Snapshot v1, https://goo.gl/fbAQLP

exports[`LeaderboardTable should match the snapshot 1`] = `ShallowWrapper {}`;
